// Jest Snapshot v1, https://goo.gl/fbAQLP

exports[`matches snapshot 1`] = `
<div
  className="play-button"
>
  <a
    data-testid="PlayButton"
    href="/stream/movie/Movie-to-test"
    onClick={[Function]}
  >
    <img
      alt="play icon"
      height="100"
      src="test-file-stub"
      width="100"
    />
  </a>
</div>
`;
